<html>
<body>
<pre>
<h1>礦ision Build Log</h1>
<h2>Tool Versions:</h2>
IDE-Version: μVision V5.25.3.0
Copyright (C) 2018 ARM Ltd and ARM Germany GmbH. All rights reserved.
License Information: w zzz, 1, LIC=32B1Q-NKPSK-LQK0Q-NJ744-R37TQ-2JM0B
 
Tool Versions:
Toolchain:       MDK-ARM Plus  Version: 5.18
Toolchain Path:  F:\Keil5\ARM\ARMCC\Bin
C Compiler:      Armcc.exe V5.06 update 1 (build 61)
Assembler:       Armasm.exe V5.06 update 1 (build 61)
Linker/Locator:  ArmLink.exe V5.06 update 1 (build 61)
Library Manager: ArmAr.exe V5.06 update 1 (build 61)
Hex Converter:   FromElf.exe V5.06 update 1 (build 61)
CPU DLL:         SARMCM3.DLL V5.18
Dialog DLL:      DCM.DLL V1.13.6.0
Target DLL:      CMSIS_AGDI.dll V1.25.7.0
Dialog DLL:      TCM.DLL V1.14.8.0
 
<h2>Project:</h2>
E:\我的大学\研究生\研究牲记录\研一下\3.12 伟卓MTM管缆算法\试验平台搭建\软件编程\4.23测试\Project\STM32.uvprojx
Project File Date:  04/23/2024

<h2>Output:</h2>
*** Using Compiler 'V5.06 update 1 (build 61)', folder: 'F:\Keil5\ARM\ARMCC\Bin'
Rebuild target 'Demo'
compiling threadpool.c...
compiling main.c...
compiling ocd_at24cxx.c...
compiling task_irq.c...
compiling task_userinit.c...
..\Apply\Task\Src\task_userinit.c(9): warning:  #167-D: argument of type "tagGPIO_T (*)[]" is incompatible with parameter of type "tagGPIO_T *"
  	Drv_GPIO_Init(&LED, 3);   
..\Apply\Task\Src\task_userinit.c: 1 warning, 0 errors
compiling ocd_jy901.c...
compiling config.c...
compiling ocd_ds3231.c...
compiling task_sysinit.c...
compiling usercode.c...
compiling ocd_ads1256.c...
compiling diskio.c...
compiling ff.c...
compiling ocd_rm3100.c...
compiling drv_hal.c...
compiling ocd_oled.c...
compiling algo_func.c...
compiling drv_hal_adc.c...
compiling ocd_fatfs.c...
compiling algo_pid.c...
compiling dev_ps2.c...
compiling ocd_sdcard.c...
compiling drv_hal_dac.c...
compiling drv_hal_delay.c...
compiling drv_hal_gpio.c...
compiling drv_hal_iic_soft.c...
compiling drv_hal_pwr.c...
compiling drv_hal_pwm.c...
compiling stm32f1xx_hal.c...
compiling drv_hal_wdg.c...
compiling drv_hal_spi_soft.c...
compiling drv_hal_spi.c...
compiling drv_hal_timer.c...
compiling stm32f1xx_hal_adc.c...
compiling drv_hal_uart.c...
compiling stm32f1xx_hal_adc_ex.c...
compiling stm32f1xx_hal_can.c...
compiling stm32f1xx_hal_cortex.c...
compiling stm32f1xx_hal_dac_ex.c...
compiling stm32f1xx_hal_cec.c...
compiling stm32f1xx_hal_crc.c...
compiling stm32f1xx_hal_eth.c...
compiling stm32f1xx_hal_exti.c...
compiling stm32f1xx_hal_dac.c...
compiling stm32f1xx_hal_flash.c...
compiling stm32f1xx_hal_flash_ex.c...
compiling stm32f1xx_hal_dma.c...
compiling stm32f1xx_hal_i2c.c...
compiling stm32f1xx_hal_gpio_ex.c...
compiling stm32f1xx_hal_iwdg.c...
compiling stm32f1xx_hal_hcd.c...
compiling stm32f1xx_hal_irda.c...
compiling stm32f1xx_hal_i2s.c...
compiling stm32f1xx_hal_gpio.c...
compiling stm32f1xx_hal_pccard.c...
compiling stm32f1xx_hal_mmc.c...
compiling stm32f1xx_hal_nor.c...
compiling stm32f1xx_hal_nand.c...
compiling stm32f1xx_hal_pcd_ex.c...
compiling stm32f1xx_hal_pcd.c...
compiling stm32f1xx_hal_rcc_ex.c...
compiling stm32f1xx_hal_rtc.c...
compiling stm32f1xx_hal_smartcard.c...
compiling stm32f1xx_hal_sram.c...
compiling stm32f1xx_hal_sd.c...
compiling stm32f1xx_hal_pwr.c...
compiling stm32f1xx_hal_rtc_ex.c...
compiling stm32f1xx_hal_rcc.c...
assembling startup_stm32f103xe.s...
compiling stm32f1xx_hal_spi.c...
compiling stm32f1xx_hal_wwdg.c...
compiling system_stm32f1xx.c...
compiling stm32f1xx_hal_uart.c...
compiling stm32f1xx_hal_usart.c...
compiling stm32f1xx_hal_tim_ex.c...
compiling stm32f1xx_hal_tim.c...
linking...
Program Size: Code=17080 RO-data=376 RW-data=2332 ZI-data=1796  
".\Objects\STM32.axf" - 0 Error(s), 1 Warning(s).

<h2>Software Packages used:</h2>

Package Vendor: Keil
                http://www.keil.com/pack/Keil.STM32F1xx_DFP.2.4.0.pack
                Keil.STM32F1xx_DFP.2.4.0
                STMicroelectronics STM32F1 Series Device Support, Drivers and Examples

<h2>Collection of Component include folders:</h2>
  .\RTE\_Demo
  F:\Keil5\Keil\STM32F1xx_DFP\2.4.0\Device\Include

<h2>Collection of Component Files used:</h2>
Build Time Elapsed:  00:00:14
</pre>
</body>
</html>
